../Drivers/CMSIS/Include/core_cm4.h:2064:26:ITM_SendChar	16	static,ignoring_inline_asm
../Core/Src/main.c:162:5:_write	32	static
../Core/Src/main.c:175:6:bmp_get_call_data	16	static
../Core/Src/main.c:201:7:bmp_get_temp	32	static
../Core/Src/main.c:218:19:bmp_get_press	344	static
../Core/Src/main.c:244:6:bmp_setup	16	static
../Core/Src/main.c:267:6:bmp_get_data	64	static
../Core/Src/main.c:346:6:bmp_calibr	16	static
../Core/Src/main.c:384:6:HAL_TIM_PeriodElapsedCallback	16	static
../Core/Src/main.c:396:13:DS_INIT	48	static
../Core/Src/main.c:419:9:DS_find	16	static
../Core/Src/main.c:442:7:DS_send	24	static
../Core/Src/main.c:472:9:DS_read	16	static
../Core/Src/main.c:494:8:DS_get_data	40	static
../Core/Src/main.c:572:8:DS_init	16	static
../Core/Src/main.c:621:6:lis_init	16	static
../Core/Src/main.c:630:6:lis_get_data	88	static
../Core/Src/main.c:699:6:lsm_init	16	static
../Core/Src/main.c:740:6:lsm_get_data	128	static
../Core/Src/main.c:811:6:nrf_identifier	4	static
../Core/Src/main.c:821:6:nrf_time	16	static
../Core/Src/main.c:831:6:nrf_bmp	4	static
../Core/Src/main.c:842:6:nrf_aks	16	static
../Core/Src/main.c:850:6:nrf_gyr	16	static
../Core/Src/main.c:858:6:nrf_lis	16	static
../Core/Src/main.c:866:6:nrf_check_sum	16	static
../Core/Src/main.c:875:6:nrf_transmit	8	static
../Core/Src/main.c:923:6:HAL_ADC_ConvCpltCallback	16	static
../Core/Src/main.c:931:6:sd_adc	24	static
../Core/Src/main.c:966:6:beeper	8	static
../Core/Src/main.c:986:5:main	8	static
../Core/Src/main.c:1087:6:SystemClock_Config	88	static
../Core/Src/main.c:1134:13:MX_ADC1_Init	24	static
../Core/Src/main.c:1186:13:MX_SDIO_SD_Init	4	static
../Core/Src/main.c:1214:13:MX_SPI2_Init	8	static
../Core/Src/main.c:1252:13:MX_TIM3_Init	32	static
../Core/Src/main.c:1297:13:MX_TIM4_Init	32	static
../Core/Src/main.c:1342:13:MX_USART2_UART_Init	8	static
../Core/Src/main.c:1375:13:MX_GPIO_Init	48	static
../Core/Src/main.c:1423:6:Error_Handler	4	static,ignoring_inline_asm
